2026-03-24 20:07:49,578 [INFO] [PLAN] 1 study/studies will be updated to 冷冻消融及随访/北大人民医院
2026-03-24 20:07:58,509 [ERROR] Fatal backfill error: 'latin-1' codec can't encode characters in position 0-4: ordinal not in range(256)
Traceback (most recent call last):
  File "E:\otherProjects\Viewers\backfill_category_path.py", line 289, in main
    studies = qido_study_uids(
              ^^^^^^^^^^^^^^^^
  File "E:\otherProjects\Viewers\backfill_category_path.py", line 204, in qido_study_uids
    with urlopen(request, timeout=timeout) as response:
         ^^^^^^^^^^^^^^^^^^^^^^^^^^^^^^^^^
  File "C:\Python311\Lib\urllib\request.py", line 216, in urlopen
    return opener.open(url, data, timeout)
           ^^^^^^^^^^^^^^^^^^^^^^^^^^^^^^^
  File "C:\Python311\Lib\urllib\request.py", line 519, in open
    response = self._open(req, data)
               ^^^^^^^^^^^^^^^^^^^^^
  File "C:\Python311\Lib\urllib\request.py", line 536, in _open
    result = self._call_chain(self.handle_open, protocol, protocol +
             ^^^^^^^^^^^^^^^^^^^^^^^^^^^^^^^^^^^^^^^^^^^^^^^^^^^^^^^
  File "C:\Python311\Lib\urllib\request.py", line 496, in _call_chain
    result = func(*args)
             ^^^^^^^^^^^
  File "C:\Python311\Lib\urllib\request.py", line 1377, in http_open
    return self.do_open(http.client.HTTPConnection, req)
           ^^^^^^^^^^^^^^^^^^^^^^^^^^^^^^^^^^^^^^^^^^^^^
  File "C:\Python311\Lib\urllib\request.py", line 1348, in do_open
    h.request(req.get_method(), req.selector, req.data, headers,
  File "C:\Python311\Lib\http\client.py", line 1303, in request
    self._send_request(method, url, body, headers, encode_chunked)
  File "C:\Python311\Lib\http\client.py", line 1344, in _send_request
    self.putheader(hdr, value)
  File "C:\Python311\Lib\http\client.py", line 1276, in putheader
    values[i] = one_value.encode('latin-1')
                ^^^^^^^^^^^^^^^^^^^^^^^^^^^
UnicodeEncodeError: 'latin-1' codec can't encode characters in position 0-4: ordinal not in range(256)
2026-03-24 20:09:57,279 [ERROR] Fatal backfill error: QIDO request failed: [WinError 10060] 由于连接方在一段时间后没有正确答复或连接的主机没有反应，连接尝试失败。
Traceback (most recent call last):
  File "C:\Python311\Lib\urllib\request.py", line 1348, in do_open
    h.request(req.get_method(), req.selector, req.data, headers,
  File "C:\Python311\Lib\http\client.py", line 1303, in request
    self._send_request(method, url, body, headers, encode_chunked)
  File "C:\Python311\Lib\http\client.py", line 1349, in _send_request
    self.endheaders(body, encode_chunked=encode_chunked)
  File "C:\Python311\Lib\http\client.py", line 1298, in endheaders
    self._send_output(message_body, encode_chunked=encode_chunked)
  File "C:\Python311\Lib\http\client.py", line 1058, in _send_output
    self.send(msg)
  File "C:\Python311\Lib\http\client.py", line 996, in send
    self.connect()
  File "C:\Python311\Lib\http\client.py", line 962, in connect
    self.sock = self._create_connection(
                ^^^^^^^^^^^^^^^^^^^^^^^^
  File "C:\Python311\Lib\socket.py", line 851, in create_connection
    raise exceptions[0]
  File "C:\Python311\Lib\socket.py", line 836, in create_connection
    sock.connect(sa)
TimeoutError: [WinError 10060] 由于连接方在一段时间后没有正确答复或连接的主机没有反应，连接尝试失败。

During handling of the above exception, another exception occurred:

Traceback (most recent call last):
  File "E:\otherProjects\Viewers\backfill_category_path.py", line 204, in qido_study_uids
    with urlopen(request, timeout=timeout) as response:
         ^^^^^^^^^^^^^^^^^^^^^^^^^^^^^^^^^
  File "C:\Python311\Lib\urllib\request.py", line 216, in urlopen
    return opener.open(url, data, timeout)
           ^^^^^^^^^^^^^^^^^^^^^^^^^^^^^^^
  File "C:\Python311\Lib\urllib\request.py", line 519, in open
    response = self._open(req, data)
               ^^^^^^^^^^^^^^^^^^^^^
  File "C:\Python311\Lib\urllib\request.py", line 536, in _open
    result = self._call_chain(self.handle_open, protocol, protocol +
             ^^^^^^^^^^^^^^^^^^^^^^^^^^^^^^^^^^^^^^^^^^^^^^^^^^^^^^^
  File "C:\Python311\Lib\urllib\request.py", line 496, in _call_chain
    result = func(*args)
             ^^^^^^^^^^^
  File "C:\Python311\Lib\urllib\request.py", line 1377, in http_open
    return self.do_open(http.client.HTTPConnection, req)
           ^^^^^^^^^^^^^^^^^^^^^^^^^^^^^^^^^^^^^^^^^^^^^
  File "C:\Python311\Lib\urllib\request.py", line 1351, in do_open
    raise URLError(err)
urllib.error.URLError: <urlopen error [WinError 10060] 由于连接方在一段时间后没有正确答复或连接的主机没有反应，连接尝试失败。>

The above exception was the direct cause of the following exception:

Traceback (most recent call last):
  File "E:\otherProjects\Viewers\backfill_category_path.py", line 289, in main
    studies = qido_study_uids(
              ^^^^^^^^^^^^^^^^
  File "E:\otherProjects\Viewers\backfill_category_path.py", line 209, in qido_study_uids
    raise RuntimeError(f"QIDO request failed: {exc.reason}") from exc
RuntimeError: QIDO request failed: [WinError 10060] 由于连接方在一段时间后没有正确答复或连接的主机没有反应，连接尝试失败。
2026-03-24 20:43:58,561 [INFO] [PLAN] 1 study/studies will be updated to 冷冻消融及随访/北大人民医院
2026-03-24 20:43:58,613 [INFO] [DONE] updated=1 total=1
